border_size=1
usage=map

Gg^Efm, Gg^Efm, Gg^Efm, Gg^Efm, Gg^Efm, Gg, Gg, Gg, Gg, Gg, Gg^Efm, Gg, Gg, Gg, Gg, Gg, Gg^Efm, Gg^Efm, Gg^Efm, Gg^Efm, Gg^Efm, Xv, Xv, Xv, Xv, Gd^Fdf, Gd^Fdf, Gd^Fdf, Gd^Fdf, Gd^Fdf, Gd^Fdf, Gd^Fdf, Gd^Fdf, Gd^Fdf, Gd^Fdf, Gd^Fdf, Gd^Fdf, Gd^Fdf
Gg^Efm, Gg^Efm, Gg^Efm, Gg^Efm, Gg^Efm, Gg, Gg, Gg, Gs^Vh, Gg^Efm, Gg^Efm, Gg^Efm, Gg, Gg, Gs^Vh, Gg, Gg^Efm, Gg^Efm, Gg^Efm, Gg^Efm, Gg^Efm, Xv, Xv, Xv, Xv, Gd^Fdf, Gd^Fdf, Gd^Fdf, Gd^Fdf, Gd^Fdf, Gd^Fdf, Gg^Ve, Cv, Gd^Fdf, Gd^Fdf, Gd^Fdf, Gd^Fdf, Gd^Fdf
Gg^Efm, Gg^Efm, Gg^Efm, Gg^Efm, Gg^Efm, Gg, Ce, Ce, Ce, Gg^Efm, Gg^Efm, Gg^Efm, Ce, Ce, Ce, Gg, Gg^Efm, Gg^Efm, Gg^Efm, Gg^Efm, Gg^Efm, Xv, Xv, Xv, Xv, Gd^Fdf, Gd^Fdf, Gd^Fdf, Gd^Fdf, Gd^Fdf, Gg^Ve, Cv, 6 Kv, Cv, Gg^Ve, Gd^Fdf, Gd^Fdf, Gd^Fdf
Gg^Efm, Gg^Efm, Gg^Efm, Gg^Efm, Gg, Gs^Vh, Ce, 1 Ke, Ce, Gs^Vh, Gg^Efm, Gs^Vh, Ce, 2 Ke, Ce, Gg, Gg, Gg^Efm, Gg^Efm, Gg^Efm, Gg^Efm, Xv, Xv, Xv, Xv, Gd^Fdf, Gd^Fdf, Gd^Fdf, Gd^Fdf, Gd^Fdf, Gd^Fdf, Cv, Cv, Cv, Gd^Fdf, Gd^Fdf, Gd^Fdf, Gd^Fdf
Gg^Efm, Gg^Efm, Gg^Efm, Gg^Efm, Gg, Gg, Gg, Ce, Gg, Gg^Efm, Gg^Efm, Gg^Efm, Gg, Ce, Gg, Gs^Vh, Gg, Gg, Gg, Gg^Efm, Gg, Xv, Xv, Xv, Xv, Gd^Fdf, Gd^Fdf, Gd^Fdf, Gd^Fdf, Gd^Fdf, Gd^Fdf, Gg^Ve, Gd^Fdf, Gg^Ve, Gd^Fdf, Gd^Fdf, Gd^Fdf, Gd^Fdf
Gg, Gg^Efm, Gg^Efm, Gg, Gg, Gg, Gg, Gg, Gg, Gg^Efm, Gg, Gg, Gg, Gg, Gg^Gvs, Gg^Gvs, Gg^Gvs, Gg^Wm, Gg, Gg, Gg, Xv, Xv, Xv, Xv, Gd^Fdf, Gd^Fdf, Gd^Fdf, Gd^Fdf, Gd^Fdf, Gd^Fdf, Gd^Fdf, Gd^Fdf, Gd^Fdf, Gd^Fdf, Gd^Fdf, Gd^Fdf, Gd^Fdf
Gg, Gg, Gg, Gg, Gg, Gg, Gg^Gvs, Gg^Gvs, Gg^Gvs, Gg, Gg, Gg, Gg, Gg^Gvs, Gg^Gvs, Gg^Gvs, Gg^Gvs, Gg^Gvs, Gg, Gg, Gg, Xv, Xv, Xv, Xv, Gg^Ve, Gd^Fdf, Gd^Fdf, Gd^Fdf, Gd^Fdf, Gd^Fdf, Gd^Fdf, Gd^Fdf, Gd^Fdf, Gd^Fdf, Gd^Fdf, Gd^Fdf, Gd^Fdf
Gg, Gg, Gg, Gg, Gg, Gg^Gvs, Gg^Gvs, Gg^Gvs, Gg^Gvs, Gg^Gvs, Gg, Gg, Gg, Gg, Gg, Gg^Gvs, Gg, Gg, Gg, Gg, Gg, Xv, Xv, Xv, Xv, Gd^Fdf, Gd^Fdf, Gd^Fdf, Gd^Fdf, Gd^Fdf, Gd^Fdf, Gd^Fdf, Gd^Fdf, Gd^Fdf, Gd^Fdf, Gd^Fdf, Gd^Fdf, Gd^Fdf
Gg, Gg, Gg, Gg, Gg, Gg, Gg, Gg^Gvs, Gg, Gg^Wm, Gg, Gg, Gg, Gg, Gg, Gg, Gg, Gg, Gg, Gg, Gg, Xv, Xv, Xv, Xv, Gd^Fdf, Gd^Fdf, Gd^Fdf, Gd^Fdf, Gd^Fdf, Gd^Fdf, Gd^Fdf, Gd^Fdf, Gd^Fdf, Gd^Fdf, Gd^Fdf, Gd^Fdf, Gd^Fdf
Gg, Gg, Gg, Gg, Gg, Gg, Gg, Gg, Gg, Gg, Gg, Gg, Gg, Gg, Gg, Gg, Gg, Gg, Gg, Gg, Gg, Xv, Xv, Xv, Xv, Gd^Fdf, Gd^Fdf, Gd^Fdf, Gd^Fdf, Gd^Fdf, Gd^Fdf, Gd^Fdf, Gd^Fdf, Gd^Fdf, Gd^Fdf, Gd^Fdf, Gd^Fdf, Gd^Fdf
Gg, Gg, Gg, Gg, Gg, Gg, Gg, Gg, Gg, Gg, Gg, Gg, Gg, Gg, Gg, Gg, Gg, Gg, Gg, Gg, Xv, Xv, Xv, Xv, Xv, Gd^Fdf, Gd^Fdf, Gd^Fdf, Gd^Fdf, Gd^Fdf, Gd^Fdf, Gd^Fdf, Gd^Fdf, Gd^Fdf, Gd^Fdf, Gd^Fdf, Gd^Fdf, Gd^Fdf
Gg, Gg, Gg, Gg, Gg, Gg, Gg, Gg, Gg, Gg, Gg, Gg, Gg, Gg, Gg, Gg, Gg, Gg, Xv, Xv, Xv, Xv, Xv, Xv, Xv, Xv, Xv, Gd^Fdf, Gd^Fdf, Gd^Fdf, Gd^Fdf, Gd^Fdf, Gd^Fdf, Gd^Fdf, Gd^Fdf, Gd^Fdf, Gd^Fdf, Gd^Fdf
Gg, Gg, Gg, Gg, Ss, Ss^Vhs, Ss, Ss, Ss, Ss, Ss, Ss, Ss^Vhs, Ss, Ss, Gg, Xv, Xv, Xv, Xv, Xv, Xv, Xv, Xv, Xv, Xv, Xv, Xv, Xv, Gd^Fdf, Gd^Fdf, Gd^Fdf, Gd^Fdf, Gd^Fdf, Gd^Fdf, Gd^Fdf, Gd^Fdf, Gd^Fdf
Gg, Gg, Ss, Ss, Ss, Ss, Ss, Ss, Chs, Ss, Ss, Ss, Ss, Ss, Ss, Xv, Xv, Xv, Xv, Xv, Xv, Xv, Xv, Xv, Xv, Xv, Xv, Xv, Xv, Xv, Xv, Gd^Fdf, Gd^Fdf, Gd^Fdf, Gd^Fdf, Gd^Fdf, Gd^Fdf, Gd^Fdf
Gg, Gg, Ss, Ss, Ss, Ss, Ss, Chs, 3 Khs, Chs, Ss, Ss, Ss, Ss, Ss, Xv, Xv, Xv, Xv, Xv, Xv, Xv, Xv, Xv, Xv, Xv, Xv, Xv, Xv, Xv, Xv, Xv, Xv, Gd^Fdf, Gd^Fdf, Gd^Fdf, Gd^Fdf, Gd^Fdf
Gg, Gg, Xv, Ss, Ss^Vhs, Ss, Ss, Chs, Chs, Chs, Ss, Ss, Ss, Ss, Ss, Xv, Xv, Xv, Xv, Xv, Xv, Xv, Xv, Xv, Xv, Xv, Xv, Xv, Xv, Xv, Xv, Xv, Xv, Xv, Xv, Gd^Fdf, Xv, Xv
Xv, Xv, Xv, Xv, Xv, Ss, Ss, Ss, Ss, Ss, Ss, Ss, Ss, Ss^Vhs, Xv, Xv, Xv, Xv, Xv, Xv, Xv, Xv, Xv, Xv, Xv, Xv, Xv, Xv, Xv, Xv, Xv, Xv, Xv, Xv, Xv, Xv, Xv, Xv
Xv, Xv, Xv, Xv, Xv, Xv, Xv, Ss, Xv, Ss, Xv, Ss, Xv, Xv, Xv, Xv, Xv, Xv, Xv, Xv, Xv, Xv, Xv, Xv, Xv, Xv, Xv, Xv, Xv, Xv, Xv, Xv, Xv, Xv, Xv, Xv, Xv, Xv
Xv, Xv, Xv, Xv, Xv, Xv, Xv, Xv, Xv, Xv, Xv, Xv, Xv, Xv, Xv, Xv, Xv, Xv, Xv, Xv, Xv, Xv, Xv, Xv, Xv, Xv, Xv, Xv, Xv, Xv, Xv, Xv, Xv, Xv, Xv, Xv, Xv, Xv
Xv, Xv, Xv, Xv, Xv, Xv, Xv, Xv, Xv, Xv, Xv, Xv, Xv, Xv, Xv, Xv, Xv, Xv, Xv, Xv, Xv, Xv, Xv, Xv, Xv, Xv, Xv, Xv, Xv, Xv, Xv, Xv, Xv, Xv, Xv, Xv, Xv, Xv
Gg, Xv, Xv, Xv, Xv, Xv, Xv, Xv, Xv, Xv, Xv, Xv, Xv, Xv, Xv, Xv, Xv, Xv, Xv, Xv, Xv, Gg, Gg, Xv, Xv, Xv, Xv, Xv, Xv, Xv, Xv, Xv, Xv, Xv, Xv, Xv, Xv, Xv
Gg, Gg, Gg, Xv, Gg, Xv, Xv, Xv, Xv, Xv, 7 Gg, Xv, Xv, Xv, Xv, Xv, Xv, Xv, Xv, Xv, Xv, Gg, Gg, Gg, Gg, Xv, Xv, Xv, Gg, Xv, Xv, Xv, Xv, Xv, Xv, Xv, Xv, Xv
Gg, Gg, Gg, Gg, Gg, Gg, Gg, Gg, Gg, Gg, Gg, Gg, Gg, Gg, Gg, Gg, Gg, Xv, Xv, Xv, Xv, Gg, Gg, Gg, Gg, Gg, Gg, Gg, Gg, Gg, Gg, Xv, Xv, Xv, Xv, Xv, Xv, Xv
Gg, Gg, Gg, Gg, Gg, Gg, Gg, Gg, Gg, Gg, Gg, Gg, Gg, Gg, Gg, Gg, Gg, Xv, Xv, Xv, Xv, Gg, Gg, Gg, Gg, Gg, Gg, Gg, Gg, Gg, Xuc, Gg, Gg, Xv, Xv, Xv, Xv, Xv
Gg, Gg, Gg, Gg, Gg, Gg, Gg, Gg, Gg, Gg, Gg, Gg, Gg, Gg, Gg, Gg, Gg, Xv, Xv, Xv, Xv, Gg, Gg, Gg, Gg, Gg, Gg, Gg, Uu^Ii, Uu^Ii, Uu^Ii, Xuc, Xuc, Gg, Gg, Xv, Gg, Gg
Gg, Gg, Gg, Gg, Gg, Gg, Gg, Gg, Gg, Gg, Ql, Ql, Ql, Gg, Gg, Gg, Gg, Xv, Xv, Xv, Xv, Gg, Gg, Gg, Gg, Gg, Xuc, Uu^Ii, Uu^Ii, Uu^Ii, Uu^Ii, Uu^Ii, Uu^Ii, Xuc, Xuc, Gg, Gg, Gg
Gg, Gg, Gg, Gg, Gg, Gg, Gg, Uu^Vud, Ql, Ql, Ql, Ql, Ql, Ql, Ql, Gg, Gg, Xv, Xv, Xv, Xv, Gg, Gg, Gg, Xuc, Xuc, Uu^Ii, Uu, Uu, Uu, Uu, Uu, Uu^Uf, Uu^Ii, Uu^Ii, Xuc, Xuc, Gg
Gg, Gg, Gg, Gg, Gg, Gg, Ql, Ql, Ql, Ql, Ql, Ql, Ql, Ql, Ql, Ql, Gg, Xv, Xv, Xv, Xv, Gg, Gg, Gg, Xuc, Uu^Ii, Uu^Ii, Uu, Uu, Uu, Uu, Uu^Uf, Uu^Uf, Uu^Uf, Uu^Uf, Uu^Ii, Uu^Ii, Xuc
Gg, Gg, Gg, Gg, Ql, Ql, Ql, Ql, Ql, Ql, Cud, Ql, Ql, Ql, Ql, Ql, Gg, Xv, Xv, Xv, Xv, Gg, Gg, Gg, Xuc, Uu^Ii, Uu^Ii, Uu, Uu, Uu, Uu, Uu, Uu^Vud, Uu^Uf, Cud, Uu^Vud, Uu^Vud, Uu^Ii
Gg, Gg, Gg, Gg, Ql, Ql, Ql, Ql, Ql, Cud, 4 Kud, Cud, Ql, Ql, Ql, Ql, Gg, Xv, Xv, Xv, Xv, Gg, Gg, Gg, Xuc, Uu^Ii, Uu^Ii, Uu, Uu, Uu, Uu, Uu, Uu^Vud, Cud, 5 Kud, Cud, Uu^Vud, Uu
Gg, Gg, Gg, Gg, Ql, Ql, Ql, Ql, Ql, Cud, Cud, Cud, Ql, Ql, Ql, Ql, Gg, Xv, Xv, Xv, Xv, Gg, Gg, Gg, Xuc, Uu^Ii, Uu^Ii, Uu, Uu^Uf, Uu^Uf, Uu^Uf, Uu, Uu^Vud, Cud, Cud, Cud, Uu, Uu
Gg, Gg, Gg, Gg, Ql, Ql, Ql, Ql, Ql, Ql, Ql, Ql, Ql, Ql, Ql, Ql, Gg, Xv, Xv, Xv, Xv, Gg, Gg, Gg, Xuc, Uu^Ii, Uu^Ii, Uu, Uu^Uf, Uu^Uf, Uu^Uf, Uu, Uu, Uu, Uu, Uu, Uu, Uu