border_size=1
usage=map

Gg, Gg, Gg, Gg, Gg, Gg, Gg, Gg, Gg, Gg, Xue, Xue, Uu, Uu, Uu, Uu, Uu, Uu, Uu, Uu, Uu, Uu, Uu, Uu, Uu, Uu, Uu, Uu, Uu, Uu, Uu, Uu, Uu, Uu, Uu, Uu, Uu, Uu, Uu, Uu, Uu, Uu, Uu, Uu, Uu, Uu, Uu, Xue, Iwr, Iwr, Iwr, Iwr
Xue, Gg, Gg, Gg, Gg, Gg, Gg, Gg, Xue, Xue, Uu, Uu, Uu, Uu, Uu, Uu, Uu, Uu, Uu, Uu, Uu, Uu, Uu, Uu, Uu, Uu, Uu, Uu, Uu, Uu, Uu, Uu, Uu, Uu, Uu, Uu, Uu, Uu, Uu, Uu, Uu, Uu, Uu, Uu, Uu, Uu, Uu, Xue, Iwr, Iwr, Iwr, Iwr
Uu^Ii, Xue, Xue, Gg, Gg, Gg, Xue, Xue, Uu, Uu, Uu, Uu, Uu, Uu, Uu, Uu, Uu, Uu, Uu, Uu, Uu, Uu, Uu, Uu^Vu, Uu, Uu, Uu, Uu, Uu, Uu, Uu, Uu, Uu, Uu, Uu, Uu, Uu, Uu, Uu, Uu, Uu^Emf, Uu, Uu, Uu, Uu, Uu, Uu, Xue, Iwr, Iwr, Iwr, Iwr
Uu^Ii, Uu^Ii, Uu^Ii, Xue, Xue, Xue, Uu, Uu, Uu, Uu, Uu, Uu, Uu, Uu, Uu, Uu, Uu, Uu, Uu, Uu, Uu, Uu, Uu, Uu, Uu, Uu, Uu, Uu, Uu, 3 Uu, Uu, Uu, Uu, Uu, Uu, Uu, Uu, Uu, Uu^Emf, Uu^Emf, Uu^Emf, Uu^Emf, Uu^Emf, Uu, Uu, Uu, Uu, Xue, Iwr, Iwr, Iwr, Iwr
Xue, Uu^Ii, Uu^Ii, Uu^Ii, Uu^Ii, Uu, Uu, Uu, Uu, Uu, Uu, Uu, Uu, Uu, Uu, Uu, Uu, Uu, Uu, Uu, Uu, Uu, Uu, Uu, Uu, Uu, Uu, Uu, Uu, Uu, Uu, Uu, Uu, Uu, Uu, Uu, Uu, Uu, Uu, Uu^Emf, Uu^Emf, Uu^Emf, Uu, Uu, Uu, Uu, Uu, Xue, Iwr, Iwr, Iwr, Iwr
Gg, Xue, Xue, Uu^Ii, Uu^Ii, Ur, Ur, Uu, Ur, Uu, Uu, Uu, Uu, Uu, Uu, Uu, Uu, Uu, Uu, Uu, Uu, Uu, Uu, Uu, Uu, Uu, Uu, Uu, Uu, Uu, Uu, Uu, Uu, Uu, Uu, Uu, Uu, Uu, Uu, Uu, Uu, Uu, Uu, Uu, Uu, Uu, Uu, Xue, Iwr, Iwr, Iwr, Iwr
Gg, Gg, Xue, Xue, Uu, Uu, Uu, Ur, Uu, Ur, Ur, Uu, Uu, Uu, Uu, Uu, Uu, Uu, Uu, Uu, Uu, Uu, Uu, Uu, Uu, Uu, Uu, Uu, Uu, Uu, Uu, Uu, Uu, Uu, Uu, Uu, Uu, Uu, Uu, Uu, Uu, Uu, Uu, Uu, Uu, Uu, Uu, Xue, Iwr, Iwr, Iwr, Iwr
Xue, Xue, Uu, Uu, Uu, Uu, Uu, Uu, Uu, Uu, Uu, Ur, Ur, Ur, Ur, Uu, Uu, Uu, Uu, Uu, Uu, Uu, Uu, Uu, Uu, Uu, Uu, Uu, Uu, Uu, Uu, Uu, Uu, Uu, Uu, Uu, Uu, Uu, Uu, Uu, Uu, Uu, Uu, Uu, Uu, Uu, Uu, Xue, Iwr, Iwr, Iwr, Iwr
Uu, Uu, Uu, Uu, Uu, Uu, Uu, Uu, Uu, Uu, Uu, Uu^Vu, Uu, Uu, Uu, Ur, Ur, Uu, Uu, Uu, Uu, Uu, Uu, Uu, Uu, Uu, Uu, Uu, Uu, Uu, Uu, Uu, Uu, Uu, Uu, Uu, Uu, Uu, Uu, Uu, Uu, Uu, Uu, Uu, Uu, Uu, Uu, Xue, Iwr, Iwr, Iwr, Iwr
Uu, Uu, Uu, Uu, Uu, Uu, Uu, Uu, Uu, Uu, Uu, Uu, Uu, Uu, Uu, Uu, Uu, Ur, Ur, Uu, Uu, Uu, Uu, Uu, Uu, Uu, Uu, Uu, Uu, Uu, Uu, Uu, Uu, Uu, Uu, Uu, Uu, Uu, Uu, Uu, Uu, Uu, Uu, Uu, Uu, Uu, Uu, Xue, Iwr, Iwr, Iwr, Iwr
Uu, Uu, Uu, Uu, Uu, Uu, Uu, Uu, Uu, Uu, Uu, Uu, Uu, Uu, Uu, Uu, Uu, Uu, Uu, Ur, Ur, Uu^Vu, Ur, Uu, Uu, Uu, Uu, Uu, Uu, Uu, Uu^Emf, Uu, Uu, Uu, Uu, Uu, Uu, Uu, Uu, Uu, Uu, Uu, Uu, Uu, Uu, Uu, Uu, Xue, Iwr, Iwr, Iwr, Iwr
Uu, Uu, Uu, Uu, Uu, Uu, Uu, Uu, Uu, Uu, Uu, Uu, Uu, Uu, Uu, Uu, Uu, Uu, Uu, Uu, Uu, Ur, Uu, Ur, Ur, Uu, Uu, Uu, Uu^Emf, Uu^Emf, Uu^Emf, Uu^Emf, Uu^Emf, Uu, Uu, Uu, Uu, Uu, Uu, Uu, Uu, Uu, Uu, Uu, Uu, Uu, Uu, Xue, Iwr, Iwr, Iwr, Iwr
Uu, Uu, Uu, Uu, Uu, Uu, Uu, Uu, Uu, Uu, Uu, Uu, Uu, Uu, Uu, Uu, Uu, Uu, Uu, Uu, Uu, Uu, Uu, Uu, Uu, Ur, Ur, Uu, Uu, Uu^Emf, Uu^Emf, Uu^Emf, Uu, Uu, Uu, Uu, Uu, Uu, Uu, Uu, Uu, Uu, Uu, Uu, Uu, Uu, Uu, Xue, Iwr, Iwr, Iwr, Iwr
Uu, Uu, Uu, Uu, Uu, Uu, Uu, Uu, Uu, Uu, Uu, Uu, Uu, Uu, Uu, Uu, Uu, Uu, Uu, Uu, Uu, Uu, Uu, Uu, Uu, Uu, Uu, Ur, Uu, Uu, Uu, Uu, Uu, Uu, Uu, Uu, Uu, Uu, Uu, Uu, Uu, Uu, Uu, Uu, Uu, Uu, Uu, Xue, Iwr, Iwr, Iwr, Iwr
Uu, Uu, Uu, Uu, Uu, Uu, Uu, Uu, Uu, Uu, Uu, Uu, Uu, Uu, Uu, Uu, Uu, Uu, Uu, Uu, Uu, Uu, Uu, Uu, Uu, Uu, Uu, Ur, Uu, Uu, Uu, Uu, Uu, Uu, Uu, Uu, Uu, Uu, Uu, Uu, Uu, Uu, Uu, Uu, Uu, Uu, Uu, Xue, Iwr, Iwr, Iwr, Iwr
Uu, Uu, Uu, Uu, Uu, Uu, Uu, Uu, Uu, Uu, Uu, Uu, Uu, Uu, Uu, Uu^Vu, Uu, Uu, Uu, Uu, Uu, Uu, Uu, Uu, Uu, Uu, Uu, Ur, Ur, Uu, Uu, Uu, Uu, Uu, Uu, Uu, Uu, Uu, Uu, Uu, Uu, Uu, Uu, Uu, Uu, Uu, Uu, Xue, Iwr, Iwr, Iwr, Iwr
Uu, Uu, Uu, Uu, Uu, Uu, Uu, Uu, Uu, Uu, Uu, Uu, Uu, Uu, Uu, Uu, Uu, Uu, Uu, Uu, Uu, Uu, Uu, Uu, Uu, Uu, Uu, Uu, Uu, Ur, Ur, Uu, Uu, Uu, Uu, Uu, Uu, Uu, Uu, Uu, Uu, Uu, Uu, Uu, Uu, Uu, Uu, Xue, Iwr, Iwr, Iwr, Iwr
Uu, Uu, Uu, Uu, Uu, Uu, Uu, Uu, Uu, Uu, Uu, Uu, Uu, Uu, Uu, Uu, Uu, Uu, Uu, Uu, Uu, Uu, Uu, Uu, Uu, Uu, Uu, Uu, Uu, Uu, Uu, Ur, Ur, Uu, Uu, Uu, Uu, Uu, Uu, Uu^Vu, Uu, Uu, Uu, Uu, Uu, Uu, Uu, Xue, Iwr, Iwr, Iwr, Iwr
Uu, Uu, Uu, Uu, Uu, Uu, Uu, Uu, Uu, Uu, Uu, Uu, Uu, Uu, Uu, Uu, Uu, Uu, Uu, Uu, Uu, Uu, Uu, Uu, Uu, Uu, Uu, Uu, Uu, Uu, Uu, Uu, Uu, Ur, Uu, Uu, Uu, Uu, Uu, Uu, Uu, Uu, Uu, Uu, Uu, Uu, Uu, Xue, Iwr, Iwr, Iwr, Iwr
Uu, Uu, Uu, Uu, Uu, Uu, Uu, Uu, Uu, Uu, Uu, Uu, Uu, Uu, Uu, Uu, Uu, Uu, Uu, Uu, Uu, Uu, Uu, Uu, Uu, Uu, Uu, Uu, Uu^Vu, Uu, Uu, Uu, Uu, Ur, Uu, Uu, Uu, Uu, Uu, Uu, Uu, Uu, Uu, Uu, Uu, Uu, Uu^Ii, Xue, Xue, Iwr, Iwr, Iwr
Uu, Uu, Uu, Uu, Uu, Uu, Uu, Uu, Uu, Uu, Uu, Uu, Uu, Uu, Uu, Uu, Uu, Uu, Uu, Uu, Uu, Uu, Uu, Uu, Uu, Uu, Uu, Uu, Uu, Uu, Uu, Uu, Ur, Ur, Ur, Uu, Uu, Uu, Uu, Uu, Uu, Uu, Uu, Uu, Uu, Uu, Uu^Ii, Uu^Ii, Uu^Ii, Xue, Xue, Iwr
Uu, Uu, Uu, Uu, Uu, Uu, Uu, Uu, Uu, Uu, Uu, Uu, Uu, Uu, Uu, Uu, Uu, Uu, Uu, Uu, Uu, Uu, Uu, Uu^Vu, Uu, Uu^Ecf, Cud, Uu^Ecf, Uu, Uu, Ur, Ur, Uu, Uu, Uu, Ur, Ur, Uu, Uu, Uu, Uu, Uu, Uu, Uu, Uu, Uu, Uu^Ii, Uu^Ii, Uu^Ii, Uu^Ii, Uu^Ii, Xue
Uu, Uu, Uu, Uu, Uu, Uu, Uu, Uu, Uu, Uu, Uu, Uu, Uu, Uu, Uu, Uu, Uu, Uu, Uu, Uu, Uu, Uu, Uu, Uu, Uu, Cud, 2 Kud, Cud, Ur, Ur, Uu, Uu, Uu, Uu, Uu, Uu, Uu, Ur, Ur, Uu, Uu, Uu, Uu, Uu, Ur, Ur, Uu^Ii, 1 Uu^Ii, Uu^Ii, Uu^Ii, Uu^Ii, Uu^Ii
Uu, Uu, Uu, Uu, Uu, Uu, Uu, Uu, Uu, Uu, Uu, Uu, Uu, Uu, Uu, Uu, Uu, Uu, Uu, Uu, Uu, Uu, Uu, Uu, Uu, Cud, Cud, Cud, Uu, Uu, Uu, Uu, Uu, Uu, Uu, Uu, Uu, Uu, Uu, Ur, Ur, Uu, Ur, Ur, Uu, Uu, Uu^Ii, Uu^Ii, Uu^Ii, Uu^Ii, Xue, Xue
Uu, Uu, Uu, Uu, Uu, Uu, Uu, Uu, Uu, Uu, Uu, Uu, Uu, Uu, Uu, Uu, Uu, Uu, Uu, Uu, Uu, Uu, Uu, Uu, Uu, Uu^Ecf, Uu, Uu^Ecf, Uu, Uu, Uu, Uu, Uu, Uu, Uu, Uu, Uu, Uu, Uu, Uu, Uu, Ur, Uu, Uu, Uu, Uu, Uu^Ii, Uu^Ii, Xue, Xue, Iwr, Iwr
Uu, Uu, Uu, Uu, Uu, Uu, Uu, Uu, Uu, Uu, Uu, Uu, Uu, Uu, Uu, Uu, Uu, Uu, Uu, Uu, Uu^Vu, Uu, Uu, Uu, Uu^Emf, Uu, Uu, Uu, Uu, Uu, Uu, Uu, Uu, Uu, Uu, Uu, Uu, Uu, Uu, Uu, Uu, Ur, Uu, Uu, Uu, Uu, Uu, Xue, Iwr, Iwr, Iwr, Iwr
Uu, Uu, Uu, Uu, Uu, Uu, Uu, Uu, Uu, Uu, Uu, Uu, Uu, Uu, Uu, Uu, Uu, Uu, Uu, Uu, Uu, Uu, Uu^Emf, Uu^Emf, Uu^Emf, Uu^Emf, Uu^Emf, Uu, Uu, Uu, Uu, Uu, Uu, Uu, Uu, Uu, Uu, Uu, Uu, Uu, Uu, Ur, Uu, Uu, Uu, Uu, Uu, Xue, Iwr, Iwr, Iwr, Iwr
Uu, Uu, Uu, Uu, Uu, Uu, Uu, Uu, Uu, Uu, Uu, Uu, Uu, Uu, Uu, Uu, Uu, Uu, Uu, Uu, Uu, Uu, Uu, Uu^Emf, Uu^Emf, Uu^Emf, Ur, Uu, Uu, Uu, Uu, Uu, Uu, Uu, Uu, Uu, Uu, Uu, Uu, Uu, Uu, Ur, Uu, Uu, Uu, Uu, Uu, Xue, Iwr, Iwr, Iwr, Iwr
Uu, Uu, Uu, Uu, Uu, Uu, Uu, Uu, Uu, Uu, Uu, Uu, Uu, Uu, Uu, Uu, Uu, Uu, Uu, Uu, Uu, Uu, Uu, Uu, Uu, Uu, Uu, Ur, Ur, Uu, Uu, Uu, Uu, Uu, Uu, Uu, Uu, Uu, Uu, Uu, Uu, Ur, Uu, Uu, Uu, Uu, Uu, Xue, Iwr, Iwr, Iwr, Iwr
Uu, Uu, Uu, Uu, Uu, Uu, Uu, Uu, Uu, Uu, Uu, Uu, Uu, Uu, Uu, Uu, Uu, Uu, Uu, Uu, Uu, Uu, Uu, Uu, Uu, Uu, Uu, Uu, Uu, Ur, Ur, Uu, Uu, Uu, Uu, Uu, Uu, Uu, Uu, Uu, Uu, Ur, Uu, Uu, Uu, Uu, Uu, Xue, Iwr, Iwr, Iwr, Iwr
Uu, Uu, Uu, Uu, Uu, Uu, Uu, Uu, Uu, Uu, Uu, Uu, Uu, Uu, Uu, Uu, Uu^Vu, Uu, Uu, Uu, Ur, Ur, Ur, Uu, Uu, Uu, Uu, Uu, Uu, Uu, Uu, Ur, Ur, Uu, Uu, Uu, Uu, Uu, Uu, Uu, Uu^Vu, Ur, Uu, Uu, Uu, Uu, Uu, Xue, Iwr, Iwr, Iwr, Iwr
Uu, Uu, Uu, Uu, Uu, Uu, Uu, Uu, Uu, Uu, Uu, Uu, Uu, Uu, Uu, Uu, Uu, Ur, Ur, Ur, Uu, Uu, Uu, Ur, Ur, Uu, Uu, Uu, Uu, Uu, Uu, Uu, Uu, Ur, Ur, Uu, Uu, Uu, Uu, Uu, Ur, Ur, Uu, Uu, Uu, Uu, Uu, Xue, Iwr, Iwr, Iwr, Iwr
Uu, Uu, Uu, Uu, Uu, Uu, Uu, Uu, Uu, Uu, Uu, Uu, Uu, Uu, Uu, Uu, Uu, Uu, Uu, Uu, Uu, Uu, Uu, Uu, Uu, Ur, Ur, Uu, Uu, Uu, Uu, Uu, Ur, Ur, Uu, Ur, Ur, Uu, Ur, Ur, Uu, Uu, Uu, Uu, Uu, Uu, Uu, Xue, Iwr, Iwr, Iwr, Iwr
Uu, Uu, Uu, Uu, Uu, Uu, Uu, Uu, Uu, Uu, Uu, Uu, Uu, Uu, Uu, Uu, Uu, Uu, Uu, Uu, Uu, Uu, Uu, Uu, Uu, Uu, Uu, Ur, Ur, Uu, Ur, Ur, Uu, Uu, Uu, Uu, Uu, Ur, Uu, Uu, Uu, Uu, Uu, Uu, Uu, Uu, Uu, Xue, Iwr, Iwr, Iwr, Iwr
Uu, Uu, Uu, Uu, Uu, Uu, Uu, Uu, Uu, Uu, Uu, Uu, Uu, Uu, Uu, Uu, Uu, Uu, Uu, Uu, Uu, Uu, Uu, Uu, Uu, Uu, Uu, Uu, Uu, Ur, Uu, Uu, Uu, Uu, Uu, Uu, Uu, Uu, Uu, Uu, Uu, Uu, Uu, Uu, Uu, Uu, Uu, Xue, Iwr, Iwr, Iwr, Iwr
Uu, Uu, Uu, Uu, Uu, Uu, Uu, Uu, Uu, Uu, Uu, Uu, Uu, Uu, Uu, Uu, Uu, Uu, Uu, Uu, Uu, Uu, Uu, Uu, Uu, Uu, Uu, Uu, Uu, Ur, Uu, Uu, Uu, Uu, Uu, Uu, Uu, Uu, Uu, Uu, Uu, Uu, Uu, Uu, Uu, Uu, Uu, Xue, Iwr, Iwr, Iwr, Iwr
Uu, Uu, Uu, Uu, Uu, Uu, Uu, Uu, Uu, Uu, Uu, Uu, Uu, Uu, Uu, Uu, Uu, Uu, Uu, Uu, Uu, Uu, Uu, Uu, Uu, Uu, Uu, Uu, Uu, Ur, Uu, Uu, Uu, Uu, Uu, Uu, Uu, Uu, Uu, Uu, Uu, Uu, Uu, Uu, Uu, Uu, Uu, Xue, Iwr, Iwr, Iwr, Iwr
Uu, Uu, Uu, Uu, Uu, Uu, Uu, Uu, Uu, Uu, Uu, Uu, Uu, Uu, Uu, Uu, Uu, Uu, Uu, Uu, Uu, Uu, Uu, Uu, Uu, Uu, Uu, Uu, Uu, Ur, Uu, Uu, Uu, Uu, Uu, Uu, Uu, Uu, Uu, Uu, Uu, Uu, Uu, Uu, Uu, Uu, Uu, Xue, Iwr, Iwr, Iwr, Iwr
Ur, Uu, Uu, Uu, Uu, Uu, Uu, Uu, Uu, Uu, Uu, Uu, Uu, Uu, Uu, Uu, Uu, Uu, Uu, Uu, Uu, Uu, Uu, Uu, Uu, Uu, Uu, Uu, Ur, Ur, Uu, Uu, Uu, Uu, Uu, Uu, Uu, Uu, Uu, Uu, Uu, Uu, Uu, Uu, Uu, Uu, Uu, Xue, Iwr, Iwr, Iwr, Iwr
Uu, Ur, Ur, Uu, Uu, Uu, Uu, Uu, Uu, Uu, Ur, Uu, Uu, Uu, Uu, Uu, Uu, Uu, Uu, Uu, Uu, Uu, Uu, Uu, Uu, Uu, Ur, Ur, Uu, Ur, Uu, Uu, Uu, Uu, Uu, Uu, Uu, Uu, Uu, Uu, Uu, Uu, Uu, Uu, Uu, Uu, Uu, Xue, Iwr, Iwr, Iwr, Iwr
Uu, Uu, Uu, Ur, Ur, Uu, Uu, Uu, Ur, Ur, Uu, Ur, Ur, Uu, Uu, Uu, Uu, Uu, Uu, Uu, Uu, Uu, Uu, Uu, Ur, Ur, Uu, Uu, Uu, Ur, Uu, Uu, Uu, Uu, Uu, Uu, Uu, Uu, Uu, Uu, Uu, Uu, Uu, Uu, Uu, Uu, Uu, Xue, Iwr, Iwr, Iwr, Iwr
Uu, Uu, Uu, Uu, Uu, Ur, Ur, Ur, Uu, Uu, Uu, Uu, Uu, Ur, Ur, Uu, Uu, Uu, Uu, Uu, Uu, Uu, Ur, Ur, Uu, Uu, Uu, Uu, Uu, Ur, Uu, Uu, Uu, Uu, Uu, Uu, Uu, Uu, Uu, Uu, Uu, Uu, Uu, Uu, Uu, Uu, Uu, Xue, Iwr, Iwr, Iwr, Iwr
Uu, Uu, Uu, Uu, Uu, Uu, Uu, Uu, Uu, Uu, Uu, Uu, Uu, Uu, Uu, Ur, Ur, Uu, Uu, Uu, Ur, Ur, Uu, Uu, Uu, Uu, Uu, Uu, Uu, Ur, Uu, Uu, Uu, Uu, Uu, Uu, Uu, Uu, Uu, Uu, Uu, Uu, Uu, Uu, Uu, Uu, Uu, Xue, Iwr, Iwr, Iwr, Iwr
Uu, Uu, Uu, Uu, Uu, Uu, Uu, Uu, Uu, Uu, Uu, Uu, Uu, Uu, Uu, Uu, Uu, Ur, Ur, Ur, Uu, Uu, Uu, Uu, Uu, Uu, Uu, Uu, Uu, Ur, Uu, Uu, Uu, Uu, Uu, Uu, Uu, Uu, Uu, Uu, Uu, Uu, Uu, Uu, Uu, Uu, Uu, Xue, Iwr, Iwr, Iwr, Iwr
Uu, Uu, Uu, Uu, Uu, Uu, Uu, Uu, Uu, Uu, Uu, Uu, Uu, Uu, Uu, Uu, Uu, Uu, Ur, Uu, Uu, Uu, Uu, Uu, Uu, Uu, Uu, Uu, Uu, Ur, Uu, Uu, Uu, Uu, Uu, Uu, Uu, Uu, Uu, Uu, Uu, Uu, Uu, Uu, Uu, Uu, Uu, Xue, Iwr, Iwr, Iwr, Iwr
Uu, Uu, Uu, Uu, Uu, Uu, Uu, Uu, Uu, Uu, Uu, Uu, Uu, Uu, Uu, Uu, Uu, Uu, Ur, Uu, Uu, Uu, Uu, Uu, Uu, Uu, Uu, Uu, Uu, Ur, Uu, Uu, Uu, Uu, Uu, Uu, Uu, Uu, Uu, Uu, Uu, Uu, Uu, Uu, Uu, Uu, Uu, Xue, Iwr, Iwr, Iwr, Iwr
Uu, Uu, Uu, Uu, Uu, Uu, Uu, Uu, Uu, Uu, Uu, Uu, Uu, Uu, Uu, Uu, Uu, Uu, Ur, Uu, Uu, Uu, Uu^Emf, Uu^Emf, Uu^Emf, Uu, Uu, Uu, Uu, Ur, Uu, Uu, Uu, Uu, Uu, Uu, Uu, Uu, Uu, Uu, Uu, Uu, Uu, Uu, Uu, Uu, Uu, Xue, Iwr, Iwr, Iwr, Iwr
Uu, Uu, Uu, Uu, Uu, Uu, Uu, Uu, Uu, Uu, Uu, Uu, Uu, Uu, Uu, Uu, Uu, Uu, Ur, Uu, Uu, Uu^Emf, Uu^Emf, Uu^Emf, Uu^Emf, Uu^Emf, Uu, Uu, Uu, Ur, Uu, Uu, Uu, Uu, Uu, Uu, Uu, Uu, Uu, Uu, Uu, Uu, Uu, Uu, Uu, Uu, Uu, Xue, Iwr, Iwr, Iwr, Iwr
Uu, Uu, Uu, Uu, Uu, Uu, Uu, Uu, Uu, Uu, Uu, Uu, Uu, Uu, Uu, Uu, Uu, Uu, Ur, Uu, Uu, Uu, Uu, Uu^Emf, Uu, Uu, Uu, Uu, Uu, Ur, Uu, Uu, Uu, Uu, Uu, Uu, Uu, Uu, Uu, Uu, Uu, Uu, Uu, Uu, Uu, Uu, Uu, Xue, Iwr, Iwr, Iwr, Iwr
Uu, Uu, Uu, Uu, Uu, Uu, Uu, Uu, Uu, Uu, Uu, Uu, Uu, Uu, Uu, Uu, Uu, Uu, Ur, Uu, Uu, Uu, Uu, Uu, Uu, Uu, Uu, Uu, Uu, Ur, Uu, Uu, Uu, Uu, Uu, Uu, Uu, Uu, Uu, Uu, Uu, Uu, Uu, Uu, Uu, Uu, Uu, Xue, Iwr, Iwr, Iwr, Iwr
Uu, Uu, Uu, Uu, Uu, Uu, Uu, Uu, Uu, Uu, Uu, Uu, Uu, Uu, Uu, Uu, Uu, Uu, Ur, Uu, Uu, Uu, Uu, Uu, Uu, Uu, Uu, Uu, Uu, Ur, Uu, Uu, Uu, Uu, Uu, Uu, Uu, Uu, Uu, Uu, Uu, Uu, Uu, Uu, Uu, Uu, Uu, Xue, Iwr, Iwr, Iwr, Iwr
Uu, Uu, Uu, Uu, Uu, Uu, Uu, Uu, Uu, Uu, Uu, Uu, Uu, Uu, Uu, Uu, Uu, Uu, Ur, Uu, Uu, Uu, Uu, Uu, Uu, Uu, Uu, Uu, Uu, Ur, Uu, Uu, Uu, Uu, Uu, Uu, Uu, Uu, Uu, Uu, Uu, Uu, Uu, Uu, Uu, Uu, Uu, Xue, Iwr, Iwr, Iwr, Iwr
